Archive member included to satisfy reference by file (symbol)

/home/pebbler/.pebble-sdk/SDKs/current/sdk-core/pebble/aplite/lib/libpebble.a(tmp7jpKUopebble.o)
                              src/c/main.c.41.o (app_event_loop)
/home/pebbler/.pebble-sdk/SDKs/4.9.127/toolchain/arm-none-eabi/bin/../lib/gcc/arm-none-eabi/14.2.1/thumb/v7-m/nofp/libgcc.a(_arm_mulsf3.o)
                              src/c/sidebar_widgets.c.41.o (__aeabi_fmul)
/home/pebbler/.pebble-sdk/SDKs/4.9.127/toolchain/arm-none-eabi/bin/../lib/gcc/arm-none-eabi/14.2.1/thumb/v7-m/nofp/libgcc.a(_arm_addsubsf3.o)
                              src/c/sidebar_widgets.c.41.o (__aeabi_fadd)
/home/pebbler/.pebble-sdk/SDKs/4.9.127/toolchain/arm-none-eabi/bin/../lib/gcc/arm-none-eabi/14.2.1/thumb/v7-m/nofp/libgcc.a(_arm_muldivsf3.o)
                              src/c/sidebar_widgets.c.41.o (__aeabi_fdiv)
/home/pebbler/.pebble-sdk/SDKs/4.9.127/toolchain/arm-none-eabi/bin/../lib/gcc/arm-none-eabi/14.2.1/thumb/v7-m/nofp/libgcc.a(_arm_fixsfsi.o)
                              src/c/sidebar_widgets.c.41.o (__aeabi_f2iz)
/home/pebbler/.pebble-sdk/SDKs/4.9.127/toolchain/arm-none-eabi/bin/../lib/gcc/arm-none-eabi/14.2.1/../../../../arm-none-eabi/lib/thumb/v7-m/nofp/libc.a(libc_a-atexit.o)
                              /home/pebbler/.pebble-sdk/SDKs/4.9.127/toolchain/arm-none-eabi/bin/../lib/gcc/arm-none-eabi/14.2.1/../../../../arm-none-eabi/lib/thumb/v7-m/nofp/crt0.o (atexit)
/home/pebbler/.pebble-sdk/SDKs/4.9.127/toolchain/arm-none-eabi/bin/../lib/gcc/arm-none-eabi/14.2.1/../../../../arm-none-eabi/lib/thumb/v7-m/nofp/libc.a(libc_a-exit.o)
                              /home/pebbler/.pebble-sdk/SDKs/4.9.127/toolchain/arm-none-eabi/bin/../lib/gcc/arm-none-eabi/14.2.1/../../../../arm-none-eabi/lib/thumb/v7-m/nofp/crt0.o (exit)
/home/pebbler/.pebble-sdk/SDKs/4.9.127/toolchain/arm-none-eabi/bin/../lib/gcc/arm-none-eabi/14.2.1/../../../../arm-none-eabi/lib/thumb/v7-m/nofp/libc.a(libc_a-findfp.o)
                              /home/pebbler/.pebble-sdk/SDKs/4.9.127/toolchain/arm-none-eabi/bin/../lib/gcc/arm-none-eabi/14.2.1/../../../../arm-none-eabi/lib/thumb/v7-m/nofp/libc.a(libc_a-exit.o) (__stdio_exit_handler)
/home/pebbler/.pebble-sdk/SDKs/4.9.127/toolchain/arm-none-eabi/bin/../lib/gcc/arm-none-eabi/14.2.1/../../../../arm-none-eabi/lib/thumb/v7-m/nofp/libc.a(libc_a-fwalk.o)
                              /home/pebbler/.pebble-sdk/SDKs/4.9.127/toolchain/arm-none-eabi/bin/../lib/gcc/arm-none-eabi/14.2.1/../../../../arm-none-eabi/lib/thumb/v7-m/nofp/libc.a(libc_a-findfp.o) (_fwalk_sglue)
/home/pebbler/.pebble-sdk/SDKs/4.9.127/toolchain/arm-none-eabi/bin/../lib/gcc/arm-none-eabi/14.2.1/../../../../arm-none-eabi/lib/thumb/v7-m/nofp/libc.a(libc_a-stdio.o)
                              /home/pebbler/.pebble-sdk/SDKs/4.9.127/toolchain/arm-none-eabi/bin/../lib/gcc/arm-none-eabi/14.2.1/../../../../arm-none-eabi/lib/thumb/v7-m/nofp/libc.a(libc_a-findfp.o) (__sread)
/home/pebbler/.pebble-sdk/SDKs/4.9.127/toolchain/arm-none-eabi/bin/../lib/gcc/arm-none-eabi/14.2.1/../../../../arm-none-eabi/lib/thumb/v7-m/nofp/libc.a(libc_a-closer.o)
                              /home/pebbler/.pebble-sdk/SDKs/4.9.127/toolchain/arm-none-eabi/bin/../lib/gcc/arm-none-eabi/14.2.1/../../../../arm-none-eabi/lib/thumb/v7-m/nofp/libc.a(libc_a-stdio.o) (_close_r)
/home/pebbler/.pebble-sdk/SDKs/4.9.127/toolchain/arm-none-eabi/bin/../lib/gcc/arm-none-eabi/14.2.1/../../../../arm-none-eabi/lib/thumb/v7-m/nofp/libc.a(libc_a-reent.o)
                              /home/pebbler/.pebble-sdk/SDKs/4.9.127/toolchain/arm-none-eabi/bin/../lib/gcc/arm-none-eabi/14.2.1/../../../../arm-none-eabi/lib/thumb/v7-m/nofp/libc.a(libc_a-closer.o) (errno)
/home/pebbler/.pebble-sdk/SDKs/4.9.127/toolchain/arm-none-eabi/bin/../lib/gcc/arm-none-eabi/14.2.1/../../../../arm-none-eabi/lib/thumb/v7-m/nofp/libc.a(libc_a-impure.o)
                              /home/pebbler/.pebble-sdk/SDKs/4.9.127/toolchain/arm-none-eabi/bin/../lib/gcc/arm-none-eabi/14.2.1/../../../../arm-none-eabi/lib/thumb/v7-m/nofp/libc.a(libc_a-reent.o) (_impure_ptr)
/home/pebbler/.pebble-sdk/SDKs/4.9.127/toolchain/arm-none-eabi/bin/../lib/gcc/arm-none-eabi/14.2.1/../../../../arm-none-eabi/lib/thumb/v7-m/nofp/libc.a(libc_a-lseekr.o)
                              /home/pebbler/.pebble-sdk/SDKs/4.9.127/toolchain/arm-none-eabi/bin/../lib/gcc/arm-none-eabi/14.2.1/../../../../arm-none-eabi/lib/thumb/v7-m/nofp/libc.a(libc_a-stdio.o) (_lseek_r)
/home/pebbler/.pebble-sdk/SDKs/4.9.127/toolchain/arm-none-eabi/bin/../lib/gcc/arm-none-eabi/14.2.1/../../../../arm-none-eabi/lib/thumb/v7-m/nofp/libc.a(libc_a-readr.o)
                              /home/pebbler/.pebble-sdk/SDKs/4.9.127/toolchain/arm-none-eabi/bin/../lib/gcc/arm-none-eabi/14.2.1/../../../../arm-none-eabi/lib/thumb/v7-m/nofp/libc.a(libc_a-stdio.o) (_read_r)
[...]
Memory Configuration

Name             Origin             Length             Attributes
APP              0x00000000         0x00006000         xrw
*default*        0x00000000         0xffffffff

Linker script and memory map

LOAD /home/pebbler/.pebble-sdk/SDKs/4.9.127/toolchain/arm-none-eabi/bin/../lib/gcc/arm-none-eabi/14.2.1/thumb/v7-m/nofp/crti.o
LOAD /home/pebbler/.pebble-sdk/SDKs/4.9.127/toolchain/arm-none-eabi/bin/../lib/gcc/arm-none-eabi/14.2.1/thumb/v7-m/nofp/crtbegin.o
LOAD /home/pebbler/.pebble-sdk/SDKs/4.9.127/toolchain/arm-none-eabi/bin/../lib/gcc/arm-none-eabi/14.2.1/../../../../arm-none-eabi/lib/thumb/v7-m/nofp/crt0.o
LOAD src/c/brutal_clock.c.41.o
LOAD src/c/languages.c.41.o
LOAD src/c/main.c.41.o
LOAD src/c/messaging.c.41.o
LOAD src/c/settings.c.41.o
LOAD src/c/sidebar.c.41.o
LOAD src/c/sidebar_widgets.c.41.o
LOAD src/c/util.c.41.o
LOAD src/c/weather.c.41.o
LOAD aplite/appinfo.auto.c.41.o
LOAD aplite/src/resource_ids.auto.c.41.o
LOAD src/message_keys.auto.c.41.o
LOAD /home/pebbler/.pebble-sdk/SDKs/current/sdk-core/pebble/aplite/lib/libpebble.a
LOAD /mnt/c/users/iehar/pebble-devcontainer/pebble-devcontainer/app/BrutalTimeStyle/BrutalTimeStyle/node_modules/pebble-clay/dist/binaries/aplite/libpebble-clay.a
LOAD /mnt/c/users/iehar/pebble-devcontainer/pebble-devcontainer/app/BrutalTimeStyle/BrutalTimeStyle/node_modules/pebble-fctx/dist/binaries/aplite/libpebble-fctx.a
LOAD /mnt/c/users/iehar/pebble-devcontainer/pebble-devcontainer/app/BrutalTimeStyle/BrutalTimeStyle/node_modules/pebble-utf8/dist/binaries/aplite/libpebble-utf8.a
START GROUP
LOAD /home/pebbler/.pebble-sdk/SDKs/4.9.127/toolchain/arm-none-eabi/bin/../lib/gcc/arm-none-eabi/14.2.1/thumb/v7-m/nofp/libgcc.a
LOAD /home/pebbler/.pebble-sdk/SDKs/4.9.127/toolchain/arm-none-eabi/bin/../lib/gcc/arm-none-eabi/14.2.1/../../../../arm-none-eabi/lib/thumb/v7-m/nofp/libc.a
END GROUP
LOAD /home/pebbler/.pebble-sdk/SDKs/4.9.127/toolchain/arm-none-eabi/bin/../lib/gcc/arm-none-eabi/14.2.1/thumb/v7-m/nofp/crtend.o
LOAD /home/pebbler/.pebble-sdk/SDKs/4.9.127/toolchain/arm-none-eabi/bin/../lib/gcc/arm-none-eabi/14.2.1/thumb/v7-m/nofp/crtn.o

.header         0x00000000       0x82
 *(.pbl_header)
 .pbl_header    0x00000000       0x82 aplite/appinfo.auto.c.41.o
                0x00000000                __pbl_app_info

.note.gnu.build-id
                0x00000082       0x26
                [!provide]                        PROVIDE (BUILD_ID = .)
 *(.note.gnu.build-id)
 *fill*         0x00000082        0x2 
 .note.gnu.build-id
                0x00000084       0x24 linker stubs

.text           0x000000a8     0x55ca
 *(.text)
 .text          0x000000a8       0x14 /home/pebbler/.pebble-sdk/SDKs/current/sdk-core/pebble/aplite/lib/libpebble.a(tmp7jpKUopebble.o)
 .text          0x000000bc      0x21c /home/pebbler/.pebble-sdk/SDKs/4.9.127/toolchain/arm-none-eabi/bin/../lib/gcc/arm-none-eabi/14.2.1/thumb/v7-m/nofp/libgcc.a(_arm_addsubsf3.o)
                0x000000bc                __aeabi_frsub
                0x000000c4                __subsf3
                0x000000c4                __aeabi_fsub
                0x000000c8                __aeabi_fadd
                0x000000c8                __addsf3
                0x00000228                __aeabi_ui2f
                0x00000228                __floatunsisf
                0x00000230                __aeabi_i2f
                0x00000230                __floatsisf
                0x0000024c                __floatundisf
                0x0000024c                __aeabi_ul2f
                0x0000025c                __floatdisf
                0x0000025c                __aeabi_l2f
 .text          0x000002d8      0x2a0 /home/pebbler/.pebble-sdk/SDKs/4.9.127/toolchain/arm-none-eabi/bin/../lib/gcc/arm-none-eabi/14.2.1/thumb/v7-m/nofp/libgcc.a(_arm_muldivsf3.o)
                0x000002d8                __mulsf3
                0x000002d8                __aeabi_fmul
                0x00000440                __divsf3
                0x00000440                __aeabi_fdiv
 .text          0x00000578       0x4c /home/pebbler/.pebble-sdk/SDKs/4.9.127/toolchain/arm-none-eabi/bin/../lib/gcc/arm-none-eabi/14.2.1/thumb/v7-m/nofp/libgcc.a(_arm_fixsfsi.o)
                0x00000578                __fixsfsi
                0x00000578                __aeabi_f2iz
 *(.text.*)
 .text.prv_scale_anim_teardown
                0x000005c4       0x14 src/c/brutal_clock.c.41.o
 .text.brutal_clock_calculate_bounds
                0x000005d8       0xd4 src/c/brutal_clock.c.41.o
 .text.get_glyph
                0x000006ac       0x64 src/c/brutal_clock.c.41.o
 .text.prv_scale_anim_update
                0x00000710       0xb8 src/c/brutal_clock.c.41.o
 .text.print_font
                0x000007c8      0x248 src/c/brutal_clock.c.41.o
 .text.Minutes  0x00000a10       0x8c src/c/brutal_clock.c.41.o
 .text.Hours    0x00000a9c      0x13c src/c/brutal_clock.c.41.o
 .text.brutal_clock_unload
                0x00000bd8       0x30 src/c/brutal_clock.c.41.o
                0x00000bd8                brutal_clock_unload
 .text.brutal_clock_tick
                0x00000c08       0x30 src/c/brutal_clock.c.41.o
                0x00000c08                brutal_clock_tick
 .text.brutal_clock_update_layout
                0x00000c38      0x1ec src/c/brutal_clock.c.41.o
                0x00000c38                brutal_clock_update_layout
 .text.brutal_clock_update_settings
                0x00000e24       0xa8 src/c/brutal_clock.c.41.o
                0x00000e24                brutal_clock_update_settings
 .text.brutal_clock_load
                0x00000ecc       0xbc src/c/brutal_clock.c.41.o
                0x00000ecc                brutal_clock_load
 .text.reconfigure_watchface
                0x00000f88       0x48 src/c/main.c.41.o
 .text.window_unload
                0x00000fd0        0xe src/c/main.c.41.o
 *fill*         0x00000fde        0x2 
 .text.window_load
                0x00000fe0       0x40 src/c/main.c.41.o
 .text.tick_handler
                0x00001020       0x1a src/c/main.c.41.o
 *fill*         0x0000103a        0x2 
 .text.startup.main
                0x0000103c       0x90 src/c/main.c.41.o
                0x0000103c                main
 .text.outbox_sent_callback
                0x000010cc        0x2 src/c/messaging.c.41.o
                0x000010cc                outbox_sent_callback
 *fill*         0x000010ce        0x2 
 .text.inbox_dropped_callback
                0x000010d0       0x24 src/c/messaging.c.41.o
                0x000010d0                inbox_dropped_callback
 .text.outbox_failed_callback
                0x000010f4       0x24 src/c/messaging.c.41.o
                0x000010f4                outbox_failed_callback
 .text.inbox_received_callback
                0x00001118      0x58c src/c/messaging.c.41.o
                0x00001118                inbox_received_callback
 .text.messaging_init
                0x000016a4       0x5c src/c/messaging.c.41.o
                0x000016a4                messaging_init
 .text.Settings_updateDynamicSettings
                0x00001700       0x9c src/c/settings.c.41.o
                0x00001700                Settings_updateDynamicSettings
 .text.Settings_saveToStorage
                0x0000179c       0x48 src/c/settings.c.41.o
                0x0000179c                Settings_saveToStorage
 .text.Settings_deinit
                0x000017e4        0x4 src/c/settings.c.41.o
                0x000017e4                Settings_deinit
 .text.Settings_loadFromStorage
                0x000017e8      0x148 src/c/settings.c.41.o
                0x000017e8                Settings_loadFromStorage
 .text.Settings_init
                0x00001930        0x4 src/c/settings.c.41.o
                0x00001930                Settings_init
 .text.Sidebar_init
                0x00001934       0x90 src/c/sidebar.c.41.o
                0x00001934                Sidebar_init
 .text.Sidebar_deinit
                0x000019c4       0x20 src/c/sidebar.c.41.o
                0x000019c4                Sidebar_deinit
 .text.Sidebar_redraw
                0x000019e4       0x64 src/c/sidebar.c.41.o
                0x000019e4                Sidebar_redraw
 .text.Sidebar_update_layout
                0x00001a48       0x24 src/c/sidebar.c.41.o
                0x00001a48                Sidebar_update_layout
 .text.Sidebar_updateTime
                0x00001a6c        0x4 src/c/sidebar.c.41.o
                0x00001a6c                Sidebar_updateTime
 .text.isAutoBatteryShown
                0x00001a70       0x4c src/c/sidebar.c.41.o
                0x00001a70                isAutoBatteryShown
 .text.getReplacableWidget
                0x00001abc       0x3c src/c/sidebar.c.41.o
                0x00001abc                getReplacableWidget
 .text.updateRectSidebar
                0x00001af8      0x158 src/c/sidebar.c.41.o
                0x00001af8                updateRectSidebar
 .text.EmptyWidget_getHeight
                0x00001c50        0x4 src/c/sidebar_widgets.c.41.o
                0x00001c50                EmptyWidget_getHeight
 .text.EmptyWidget_draw
                0x00001c54        0x2 src/c/sidebar_widgets.c.41.o
                0x00001c54                EmptyWidget_draw
 *fill*         0x00001c56        0x2 
 .text.CurrentWeather_getHeight
                0x00001c58       0x1c src/c/sidebar_widgets.c.41.o
                0x00001c58                CurrentWeather_getHeight
 .text.BTDisconnect_getHeight
                0x00001c74        0x4 src/c/sidebar_widgets.c.41.o
                0x00001c74                BTDisconnect_getHeight
 .text.WeekNumber_getHeight
                0x00001c78       0x1c src/c/sidebar_widgets.c.41.o
                0x00001c78                WeekNumber_getHeight
 .text.Seconds_getHeight
                0x00001c94        0x4 src/c/sidebar_widgets.c.41.o
                0x00001c94                Seconds_getHeight
 .text.WeatherForecast_getHeight
                0x00001c98       0x1c src/c/sidebar_widgets.c.41.o
                0x00001c98                WeatherForecast_getHeight
 .text.AltTime_getHeight
                0x00001cb4        0x4 src/c/sidebar_widgets.c.41.o
                0x00001cb4                AltTime_getHeight
 .text.UVIndex_getHeight
                0x00001cb8        0x4 src/c/sidebar_widgets.c.41.o
                0x00001cb8                UVIndex_getHeight
 .text.Beats_getHeight
                0x00001cbc        0x4 src/c/sidebar_widgets.c.41.o
                0x00001cbc                Beats_getHeight
 .text.BTDisconnect_draw
                0x00001cc0       0x54 src/c/sidebar_widgets.c.41.o
                0x00001cc0                BTDisconnect_draw
 .text.BatteryMeter_draw
                0x00001d14      0x1ec src/c/sidebar_widgets.c.41.o
                0x00001d14                BatteryMeter_draw
 .text.DateWidget_draw
                0x00001f00      0x1ec src/c/sidebar_widgets.c.41.o
                0x00001f00                DateWidget_draw
 .text.CurrentWeather_draw
                0x000020ec      0x154 src/c/sidebar_widgets.c.41.o
                0x000020ec                CurrentWeather_draw
 .text.WeekNumber_draw
                0x00002240       0xe4 src/c/sidebar_widgets.c.41.o
                0x00002240                WeekNumber_draw
 .text.Seconds_draw
                0x00002324       0x68 src/c/sidebar_widgets.c.41.o
                0x00002324                Seconds_draw
 .text.WeatherForecast_draw
                0x0000238c      0x26c src/c/sidebar_widgets.c.41.o
                0x0000238c                WeatherForecast_draw
 .text.AltTime_draw
                0x000025f8       0xb0 src/c/sidebar_widgets.c.41.o
                0x000025f8                AltTime_draw
 .text.UVIndex_draw
                0x000026a8      0x100 src/c/sidebar_widgets.c.41.o
                0x000026a8                UVIndex_draw
 .text.Beats_draw
                0x000027a8       0xb8 src/c/sidebar_widgets.c.41.o
                0x000027a8                Beats_draw
 .text.DateWidget_getHeight
                0x00002860       0x34 src/c/sidebar_widgets.c.41.o
                0x00002860                DateWidget_getHeight
 .text.BatteryMeter_getHeight
                0x00002894       0x34 src/c/sidebar_widgets.c.41.o
                0x00002894                BatteryMeter_getHeight
 .text.SidebarWidgets_init
                0x000028c8      0x184 src/c/sidebar_widgets.c.41.o
                0x000028c8                SidebarWidgets_init
 .text.SidebarWidgets_deinit
                0x00002a4c        0x2 src/c/sidebar_widgets.c.41.o
                0x00002a4c                SidebarWidgets_deinit
 *fill*         0x00002a4e        0x2 
 .text.SidebarWidgets_updateFonts
                0x00002a50       0x4c src/c/sidebar_widgets.c.41.o
                0x00002a50                SidebarWidgets_updateFonts
 .text.SidebarWidgets_updateTime
                0x00002a9c      0x1a0 src/c/sidebar_widgets.c.41.o
                0x00002a9c                SidebarWidgets_updateTime
 .text.getSidebarWidgetByType
                0x00002c3c       0x88 src/c/sidebar_widgets.c.41.o
                0x00002c3c                getSidebarWidgetByType
 .text.recolor_iterator_cb
                0x00002cc4       0x18 src/c/util.c.41.o
                0x00002cc4                recolor_iterator_cb
 .text.gdraw_command_image_recolor
                0x00002cdc       0x24 src/c/util.c.41.o
                0x00002cdc                gdraw_command_image_recolor
 .text.time_get_beats
                0x00002d00       0x48 src/c/util.c.41.o
                0x00002d00                time_get_beats
 .text.Weather_setCurrentCondition
                0x00002d48       0x18 src/c/weather.c.41.o
                0x00002d48                Weather_setCurrentCondition
 .text.Weather_setForecastCondition
                0x00002d60       0x18 src/c/weather.c.41.o
                0x00002d60                Weather_setForecastCondition
 .text.Weather_saveData
                0x00002d78       0x20 src/c/weather.c.41.o
                0x00002d78                Weather_saveData
 .text.app_event_loop
                0x00002d98        0xc /home/pebbler/.pebble-sdk/SDKs/current/sdk-core/pebble/aplite/lib/libpebble.a(tmp7jpKUopebble.o)
                0x00002d98                app_event_loop
 .text.app_log  0x00002da4        0xc /home/pebbler/.pebble-sdk/SDKs/current/sdk-core/pebble/aplite/lib/libpebble.a(tmp7jpKUopebble.o)
                0x00002da4                app_log
 .text.app_message_open
                0x00002db0        0xc /home/pebbler/.pebble-sdk/SDKs/current/sdk-core/pebble/aplite/lib/libpebble.a(tmp7jpKUopebble.o)
                0x00002db0                app_message_open
 .text.atoi     0x00002dbc        0xc /home/pebbler/.pebble-sdk/SDKs/current/sdk-core/pebble/aplite/lib/libpebble.a(tmp7jpKUopebble.o)
                0x00002dbc                atoi
 .text.battery_state_service_peek
                0x00002dc8        0xc /home/pebbler/.pebble-sdk/SDKs/current/sdk-core/pebble/aplite/lib/libpebble.a(tmp7jpKUopebble.o)
                0x00002dc8                battery_state_service_peek
 .text.bluetooth_connection_service_peek
                0x00002dd4        0xc /home/pebbler/.pebble-sdk/SDKs/current/sdk-core/pebble/aplite/lib/libpebble.a(tmp7jpKUopebble.o)
                0x00002dd4                bluetooth_connection_service_peek
 .text.clock_is_24h_style
                0x00002de0        0xc /home/pebbler/.pebble-sdk/SDKs/current/sdk-core/pebble/aplite/lib/libpebble.a(tmp7jpKUopebble.o)
                0x00002de0                clock_is_24h_style
 .text.dict_find
                0x00002dec        0xc /home/pebbler/.pebble-sdk/SDKs/current/sdk-core/pebble/aplite/lib/libpebble.a(tmp7jpKUopebble.o)
                0x00002dec                dict_find
 .text.fonts_get_system_font
                0x00002df8        0xc /home/pebbler/.pebble-sdk/SDKs/current/sdk-core/pebble/aplite/lib/libpebble.a(tmp7jpKUopebble.o)
                0x00002df8                fonts_get_system_font
 .text.gbitmap_create_with_resource
                0x00002e04        0xc /home/pebbler/.pebble-sdk/SDKs/current/sdk-core/pebble/aplite/lib/libpebble.a(tmp7jpKUopebble.o)
                0x00002e04                gbitmap_create_with_resource
 .text.gbitmap_destroy
                0x00002e10        0xc /home/pebbler/.pebble-sdk/SDKs/current/sdk-core/pebble/aplite/lib/libpebble.a(tmp7jpKUopebble.o)
                0x00002e10                gbitmap_destroy
 .text.graphics_fill_rect
                0x00002e1c        0xc /home/pebbler/.pebble-sdk/SDKs/current/sdk-core/pebble/aplite/lib/libpebble.a(tmp7jpKUopebble.o)
                0x00002e1c                graphics_fill_rect
 .text.layer_add_child
                0x00002e28        0xc /home/pebbler/.pebble-sdk/SDKs/current/sdk-core/pebble/aplite/lib/libpebble.a(tmp7jpKUopebble.o)
                0x00002e28                layer_add_child
 .text.layer_create
                0x00002e34        0xc /home/pebbler/.pebble-sdk/SDKs/current/sdk-core/pebble/aplite/lib/libpebble.a(tmp7jpKUopebble.o)
                0x00002e34                layer_create
 .text.layer_destroy
                0x00002e40        0xc /home/pebbler/.pebble-sdk/SDKs/current/sdk-core/pebble/aplite/lib/libpebble.a(tmp7jpKUopebble.o)
                0x00002e40                layer_destroy
 .text.layer_get_bounds
                0x00002e4c        0xc /home/pebbler/.pebble-sdk/SDKs/current/sdk-core/pebble/aplite/lib/libpebble.a(tmp7jpKUopebble.o)
                0x00002e4c                layer_get_bounds
 .text.layer_get_frame
                0x00002e58        0xc /home/pebbler/.pebble-sdk/SDKs/current/sdk-core/pebble/aplite/lib/libpebble.a(tmp7jpKUopebble.o)
                0x00002e58                layer_get_frame
 .text.layer_mark_dirty
                0x00002e64        0xc /home/pebbler/.pebble-sdk/SDKs/current/sdk-core/pebble/aplite/lib/libpebble.a(tmp7jpKUopebble.o)
                0x00002e64                layer_mark_dirty
 .text.layer_set_frame
                0x00002e70        0xc /home/pebbler/.pebble-sdk/SDKs/current/sdk-core/pebble/aplite/lib/libpebble.a(tmp7jpKUopebble.o)
                0x00002e70                layer_set_frame
 .text.layer_set_update_proc
                0x00002e7c        0xc /home/pebbler/.pebble-sdk/SDKs/current/sdk-core/pebble/aplite/lib/libpebble.a(tmp7jpKUopebble.o)
                0x00002e7c                layer_set_update_proc
 .text.persist_exists
                0x00002e88        0xc /home/pebbler/.pebble-sdk/SDKs/current/sdk-core/pebble/aplite/lib/libpebble.a(tmp7jpKUopebble.o)
                0x00002e88                persist_exists
 .text.persist_read_int
                0x00002e94        0xc /home/pebbler/.pebble-sdk/SDKs/current/sdk-core/pebble/aplite/lib/libpebble.a(tmp7jpKUopebble.o)
                0x00002e94                persist_read_int
 .text.persist_write_int
                0x00002ea0        0xc /home/pebbler/.pebble-sdk/SDKs/current/sdk-core/pebble/aplite/lib/libpebble.a(tmp7jpKUopebble.o)
                0x00002ea0                persist_write_int
 .text.snprintf
                0x00002eac        0xc /home/pebbler/.pebble-sdk/SDKs/current/sdk-core/pebble/aplite/lib/libpebble.a(tmp7jpKUopebble.o)
                0x00002eac                snprintf
 .text.strcpy   0x00002eb8        0xc /home/pebbler/.pebble-sdk/SDKs/current/sdk-core/pebble/aplite/lib/libpebble.a(tmp7jpKUopebble.o)
                0x00002eb8                strcpy
 .text.strftime
                0x00002ec4        0xc /home/pebbler/.pebble-sdk/SDKs/current/sdk-core/pebble/aplite/lib/libpebble.a(tmp7jpKUopebble.o)
                0x00002ec4                strftime
 .text.strlen   0x00002ed0        0xc /home/pebbler/.pebble-sdk/SDKs/current/sdk-core/pebble/aplite/lib/libpebble.a(tmp7jpKUopebble.o)
                0x00002ed0                strlen
 .text.strncpy  0x00002edc        0xc /home/pebbler/.pebble-sdk/SDKs/current/sdk-core/pebble/aplite/lib/libpebble.a(tmp7jpKUopebble.o)
                0x00002edc                strncpy
 .text.tick_timer_service_subscribe
                0x00002ee8        0xc /home/pebbler/.pebble-sdk/SDKs/current/sdk-core/pebble/aplite/lib/libpebble.a(tmp7jpKUopebble.o)
                0x00002ee8                tick_timer_service_subscribe
 .text.window_create
                0x00002ef4        0xc /home/pebbler/.pebble-sdk/SDKs/current/sdk-core/pebble/aplite/lib/libpebble.a(tmp7jpKUopebble.o)
                0x00002ef4                window_create
 .text.window_destroy
                0x00002f00        0xc /home/pebbler/.pebble-sdk/SDKs/current/sdk-core/pebble/aplite/lib/libpebble.a(tmp7jpKUopebble.o)
                0x00002f00                window_destroy
 .text.window_get_root_layer
                0x00002f0c        0xc /home/pebbler/.pebble-sdk/SDKs/current/sdk-core/pebble/aplite/lib/libpebble.a(tmp7jpKUopebble.o)
                0x00002f0c                window_get_root_layer
 .text.window_set_window_handlers
                0x00002f18        0xc /home/pebbler/.pebble-sdk/SDKs/current/sdk-core/pebble/aplite/lib/libpebble.a(tmp7jpKUopebble.o)
                0x00002f18                window_set_window_handlers
 .text.window_stack_push
                0x00002f24        0xc /home/pebbler/.pebble-sdk/SDKs/current/sdk-core/pebble/aplite/lib/libpebble.a(tmp7jpKUopebble.o)
                0x00002f24                window_stack_push
 .text.app_message_register_inbox_dropped
                0x00002f30        0xc /home/pebbler/.pebble-sdk/SDKs/current/sdk-core/pebble/aplite/lib/libpebble.a(tmp7jpKUopebble.o)
                0x00002f30                app_message_register_inbox_dropped
 .text.app_message_register_inbox_received
                0x00002f3c        0xc /home/pebbler/.pebble-sdk/SDKs/current/sdk-core/pebble/aplite/lib/libpebble.a(tmp7jpKUopebble.o)
                0x00002f3c                app_message_register_inbox_received
 .text.app_message_register_outbox_failed
                0x00002f48        0xc /home/pebbler/.pebble-sdk/SDKs/current/sdk-core/pebble/aplite/lib/libpebble.a(tmp7jpKUopebble.o)
                0x00002f48                app_message_register_outbox_failed
 .text.app_message_register_outbox_sent
                0x00002f54        0xc /home/pebbler/.pebble-sdk/SDKs/current/sdk-core/pebble/aplite/lib/libpebble.a(tmp7jpKUopebble.o)
                0x00002f54                app_message_register_outbox_sent
 .text.graphics_draw_text
                0x00002f60        0xc /home/pebbler/.pebble-sdk/SDKs/current/sdk-core/pebble/aplite/lib/libpebble.a(tmp7jpKUopebble.o)
                0x00002f60                graphics_draw_text
 .text.persist_read_data
                0x00002f6c        0xc /home/pebbler/.pebble-sdk/SDKs/current/sdk-core/pebble/aplite/lib/libpebble.a(tmp7jpKUopebble.o)
                0x00002f6c                persist_read_data
 .text.persist_write_data
                0x00002f78        0xc /home/pebbler/.pebble-sdk/SDKs/current/sdk-core/pebble/aplite/lib/libpebble.a(tmp7jpKUopebble.o)
                0x00002f78                persist_write_data
 .text.graphics_release_frame_buffer
                0x00002f84        0xc /home/pebbler/.pebble-sdk/SDKs/current/sdk-core/pebble/aplite/lib/libpebble.a(tmp7jpKUopebble.o)
                0x00002f84                graphics_release_frame_buffer
 .text.setlocale
                0x00002f90        0xc /home/pebbler/.pebble-sdk/SDKs/current/sdk-core/pebble/aplite/lib/libpebble.a(tmp7jpKUopebble.o)
                0x00002f90                setlocale
 .text.mktime   0x00002f9c        0xc /home/pebbler/.pebble-sdk/SDKs/current/sdk-core/pebble/aplite/lib/libpebble.a(tmp7jpKUopebble.o)
                0x00002f9c                mktime
 .text.gcolor_equal
                0x00002fa8        0xc /home/pebbler/.pebble-sdk/SDKs/current/sdk-core/pebble/aplite/lib/libpebble.a(tmp7jpKUopebble.o)
                0x00002fa8                gcolor_equal
 .text.graphics_context_set_fill_color
                0x00002fb4        0xc /home/pebbler/.pebble-sdk/SDKs/current/sdk-core/pebble/aplite/lib/libpebble.a(tmp7jpKUopebble.o)
                0x00002fb4                graphics_context_set_fill_color
 .text.graphics_context_set_text_color
                0x00002fc0        0xc /home/pebbler/.pebble-sdk/SDKs/current/sdk-core/pebble/aplite/lib/libpebble.a(tmp7jpKUopebble.o)
                0x00002fc0                graphics_context_set_text_color
 .text.window_set_background_color
                0x00002fcc        0xc /home/pebbler/.pebble-sdk/SDKs/current/sdk-core/pebble/aplite/lib/libpebble.a(tmp7jpKUopebble.o)
                0x00002fcc                window_set_background_color
 .text.localtime
                0x00002fd8        0xc /home/pebbler/.pebble-sdk/SDKs/current/sdk-core/pebble/aplite/lib/libpebble.a(tmp7jpKUopebble.o)
                0x00002fd8                localtime
 .text.animation_create
                0x00002fe4        0xc /home/pebbler/.pebble-sdk/SDKs/current/sdk-core/pebble/aplite/lib/libpebble.a(tmp7jpKUopebble.o)
                0x00002fe4                animation_create
 .text.animation_destroy
                0x00002ff0        0xc /home/pebbler/.pebble-sdk/SDKs/current/sdk-core/pebble/aplite/lib/libpebble.a(tmp7jpKUopebble.o)
                0x00002ff0                animation_destroy
 .text.animation_schedule
                0x00002ffc        0xc /home/pebbler/.pebble-sdk/SDKs/current/sdk-core/pebble/aplite/lib/libpebble.a(tmp7jpKUopebble.o)
                0x00002ffc                animation_schedule
 .text.animation_set_curve
                0x00003008        0xc /home/pebbler/.pebble-sdk/SDKs/current/sdk-core/pebble/aplite/lib/libpebble.a(tmp7jpKUopebble.o)
                0x00003008                animation_set_curve
 .text.animation_set_duration
                0x00003014        0xc /home/pebbler/.pebble-sdk/SDKs/current/sdk-core/pebble/aplite/lib/libpebble.a(tmp7jpKUopebble.o)
                0x00003014                animation_set_duration
 .text.animation_set_implementation
                0x00003020        0xc /home/pebbler/.pebble-sdk/SDKs/current/sdk-core/pebble/aplite/lib/libpebble.a(tmp7jpKUopebble.o)
                0x00003020                animation_set_implementation
 .text.animation_unschedule
                0x0000302c        0xc /home/pebbler/.pebble-sdk/SDKs/current/sdk-core/pebble/aplite/lib/libpebble.a(tmp7jpKUopebble.o)
                0x0000302c                animation_unschedule
 .text.graphics_capture_frame_buffer
                0x00003038        0xc /home/pebbler/.pebble-sdk/SDKs/current/sdk-core/pebble/aplite/lib/libpebble.a(tmp7jpKUopebble.o)
                0x00003038                graphics_capture_frame_buffer
 .text.gbitmap_get_bounds
                0x00003044        0xc /home/pebbler/.pebble-sdk/SDKs/current/sdk-core/pebble/aplite/lib/libpebble.a(tmp7jpKUopebble.o)
                0x00003044                gbitmap_get_bounds
 .text.gbitmap_get_data
                0x00003050        0xc /home/pebbler/.pebble-sdk/SDKs/current/sdk-core/pebble/aplite/lib/libpebble.a(tmp7jpKUopebble.o)
                0x00003050                gbitmap_get_data
 .text.gdraw_command_image_draw
                0x0000305c        0xc /home/pebbler/.pebble-sdk/SDKs/current/sdk-core/pebble/aplite/lib/libpebble.a(tmp7jpKUopebble.o)
                0x0000305c                gdraw_command_image_draw
 .text.gdraw_command_image_get_command_list
                0x00003068        0xc /home/pebbler/.pebble-sdk/SDKs/current/sdk-core/pebble/aplite/lib/libpebble.a(tmp7jpKUopebble.o)
                0x00003068                gdraw_command_image_get_command_list
 .text.gdraw_command_list_iterate
                0x00003074        0xc /home/pebbler/.pebble-sdk/SDKs/current/sdk-core/pebble/aplite/lib/libpebble.a(tmp7jpKUopebble.o)
                0x00003074                gdraw_command_list_iterate
 .text.gdraw_command_set_fill_color
                0x00003080        0xc /home/pebbler/.pebble-sdk/SDKs/current/sdk-core/pebble/aplite/lib/libpebble.a(tmp7jpKUopebble.o)
                0x00003080                gdraw_command_set_fill_color
 .text.gdraw_command_set_stroke_color
                0x0000308c        0xc /home/pebbler/.pebble-sdk/SDKs/current/sdk-core/pebble/aplite/lib/libpebble.a(tmp7jpKUopebble.o)
                0x0000308c                gdraw_command_set_stroke_color
 .text.time     0x00003098        0xc /home/pebbler/.pebble-sdk/SDKs/current/sdk-core/pebble/aplite/lib/libpebble.a(tmp7jpKUopebble.o)
                0x00003098                time
 .text.gbitmap_get_data_row_info
                0x000030a4        0xc /home/pebbler/.pebble-sdk/SDKs/current/sdk-core/pebble/aplite/lib/libpebble.a(tmp7jpKUopebble.o)
                0x000030a4                gbitmap_get_data_row_info
 .text.roundf   0x000030b0       0x48 /home/pebbler/.pebble-sdk/SDKs/4.9.127/toolchain/arm-none-eabi/bin/../lib/gcc/arm-none-eabi/14.2.1/../../../../arm-none-eabi/lib/thumb/v7-m/nofp/libm.a(libm_a-sf_round.o)
                0x000030b0                roundf
 *(.rodata)
 *(.rodata*)
 .rodata.Minutes.str1.1
                0x000030f8      0x186 src/c/brutal_clock.c.41.o
                                  0x3 (size before relaxing)
 .rodata.Hours.str1.1
                0x0000327e        0x6 src/c/brutal_clock.c.41.o
 .rodata.map.2  0x0000327e       0x40 src/c/brutal_clock.c.41.o
 .rodata.fonts  0x000032be      0xc00 src/c/brutal_clock.c.41.o
 .rodata.wordForWeek
                0x00003ebe      0x1bc src/c/languages.c.41.o
                0x00003ebe                wordForWeek
 .rodata.monthNames
                0x0000407a      0xde0 src/c/languages.c.41.o
                0x0000407a                monthNames
 .rodata.dayNames
                0x00004e5a      0x818 src/c/languages.c.41.o
                0x00004e5a                dayNames
 .rodata.main.str1.1
                0x00005672        0x1 src/c/main.c.41.o
 .rodata.inbox_dropped_callback.str1.1
                0x00005672       0x28 src/c/messaging.c.41.o
 .rodata.outbox_failed_callback.str1.1
                0x00005672       0x1f src/c/messaging.c.41.o
 .rodata.inbox_received_callback.str1.1
                0x00005672       0x6f src/c/messaging.c.41.o
 .rodata.Settings_saveToStorage.str1.1
                0x00005672       0x27 src/c/settings.c.41.o
 .rodata.Settings_loadFromStorage.str1.1
                0x00005672       0x23 src/c/settings.c.41.o
 .rodata.BatteryMeter_draw.str1.1
                0x00005672        0xd src/c/sidebar_widgets.c.41.o
 .rodata.CurrentWeather_draw.str1.1
                0x00005672        0xe src/c/sidebar_widgets.c.41.o
 .rodata.UVIndex_draw.str1.1
                0x00005672        0x3 src/c/sidebar_widgets.c.41.o
 .rodata.Beats_draw.str1.1
                0x00005672        0x2 src/c/sidebar_widgets.c.41.o
 .rodata.SidebarWidgets_init.str1.1
                0x00005672       0x51 src/c/sidebar_widgets.c.41.o
 .rodata.SidebarWidgets_updateTime.str1.1
                0x00005672       0x18 src/c/sidebar_widgets.c.41.o

.glue_7         0x00005674        0x0
 .glue_7        0x00005674        0x0 linker stubs

.glue_7t        0x00005674        0x0
 .glue_7t       0x00005674        0x0 linker stubs

.vfp11_veneer   0x00005674        0x0
 .vfp11_veneer  0x00005674        0x0 linker stubs

.v4_bx          0x00005674        0x0
 .v4_bx         0x00005674        0x0 linker stubs

.init           0x00005674        0x4
 .init          0x00005674        0x4 /home/pebbler/.pebble-sdk/SDKs/4.9.127/toolchain/arm-none-eabi/bin/../lib/gcc/arm-none-eabi/14.2.1/thumb/v7-m/nofp/crti.o
                0x00005674                _init

.fini           0x00005678        0x4
 .fini          0x00005678        0x4 /home/pebbler/.pebble-sdk/SDKs/4.9.127/toolchain/arm-none-eabi/bin/../lib/gcc/arm-none-eabi/14.2.1/thumb/v7-m/nofp/crti.o
                0x00005678                _fini

.iplt           0x0000567c        0x0
 .iplt          0x0000567c        0x0 src/c/brutal_clock.c.41.o

.rel.dyn        0x0000567c        0x0
 .rel.iplt      0x0000567c        0x0 src/c/brutal_clock.c.41.o
 .rel.got       0x0000567c        0x0 src/c/brutal_clock.c.41.o

.data           0x0000567c       0x90
 *(.data)
 .data          0x0000567c        0x0 /home/pebbler/.pebble-sdk/SDKs/4.9.127/toolchain/arm-none-eabi/bin/../lib/gcc/arm-none-eabi/14.2.1/thumb/v7-m/nofp/crti.o
 .data          0x0000567c        0x0 /home/pebbler/.pebble-sdk/SDKs/4.9.127/toolchain/arm-none-eabi/bin/../lib/gcc/arm-none-eabi/14.2.1/thumb/v7-m/nofp/crtbegin.o
 .data          0x0000567c        0x0 /home/pebbler/.pebble-sdk/SDKs/4.9.127/toolchain/arm-none-eabi/bin/../lib/gcc/arm-none-eabi/14.2.1/../../../../arm-none-eabi/lib/thumb/v7-m/nofp/crt0.o
 .data          0x0000567c        0x0 src/c/brutal_clock.c.41.o
 .data          0x0000567c        0x0 src/c/languages.c.41.o
 .data          0x0000567c        0x0 src/c/main.c.41.o
 .data          0x0000567c        0x0 src/c/messaging.c.41.o
 .data          0x0000567c        0x0 src/c/settings.c.41.o
 .data          0x0000567c        0x0 src/c/sidebar.c.41.o
 .data          0x0000567c        0x0 src/c/sidebar_widgets.c.41.o
 .data          0x0000567c        0x0 src/c/util.c.41.o
 .data          0x0000567c        0x0 src/c/weather.c.41.o
 .data          0x0000567c        0x0 aplite/appinfo.auto.c.41.o
 .data          0x0000567c        0x0 aplite/src/resource_ids.auto.c.41.o
 .data          0x0000567c        0x0 src/message_keys.auto.c.41.o
 .data          0x0000567c        0x0 /home/pebbler/.pebble-sdk/SDKs/current/sdk-core/pebble/aplite/lib/libpebble.a(tmp7jpKUopebble.o)
 .data          0x0000567c        0x0 /home/pebbler/.pebble-sdk/SDKs/4.9.127/toolchain/arm-none-eabi/bin/../lib/gcc/arm-none-eabi/14.2.1/thumb/v7-m/nofp/libgcc.a(_arm_mulsf3.o)
 .data          0x0000567c        0x0 /home/pebbler/.pebble-sdk/SDKs/4.9.127/toolchain/arm-none-eabi/bin/../lib/gcc/arm-none-eabi/14.2.1/thumb/v7-m/nofp/libgcc.a(_arm_addsubsf3.o)
 .data          0x0000567c        0x0 /home/pebbler/.pebble-sdk/SDKs/4.9.127/toolchain/arm-none-eabi/bin/../lib/gcc/arm-none-eabi/14.2.1/thumb/v7-m/nofp/libgcc.a(_arm_muldivsf3.o)
 .data          0x0000567c        0x0 /home/pebbler/.pebble-sdk/SDKs/4.9.127/toolchain/arm-none-eabi/bin/../lib/gcc/arm-none-eabi/14.2.1/thumb/v7-m/nofp/libgcc.a(_arm_fixsfsi.o)
 .data          0x0000567c        0x0 /home/pebbler/.pebble-sdk/SDKs/4.9.127/toolchain/arm-none-eabi/bin/../lib/gcc/arm-none-eabi/14.2.1/../../../../arm-none-eabi/lib/thumb/v7-m/nofp/libc.a(libc_a-atexit.o)
 .data          0x0000567c        0x0 /home/pebbler/.pebble-sdk/SDKs/4.9.127/toolchain/arm-none-eabi/bin/../lib/gcc/arm-none-eabi/14.2.1/../../../../arm-none-eabi/lib/thumb/v7-m/nofp/libc.a(libc_a-exit.o)
 .data          0x0000567c        0x0 /home/pebbler/.pebble-sdk/SDKs/4.9.127/toolchain/arm-none-eabi/bin/../lib/gcc/arm-none-eabi/14.2.1/../../../../arm-none-eabi/lib/thumb/v7-m/nofp/libc.a(libc_a-findfp.o)
 .data          0x0000567c        0x0 /home/pebbler/.pebble-sdk/SDKs/4.9.127/toolchain/arm-none-eabi/bin/../lib/gcc/arm-none-eabi/14.2.1/../../../../arm-none-eabi/lib/thumb/v7-m/nofp/libc.a(libc_a-fwalk.o)
 .data          0x0000567c        0x0 /home/pebbler/.pebble-sdk/SDKs/4.9.127/toolchain/arm-none-eabi/bin/../lib/gcc/arm-none-eabi/14.2.1/../../../../arm-none-eabi/lib/thumb/v7-m/nofp/libc.a(libc_a-stdio.o)
 .data          0x0000567c        0x0 /home/pebbler/.pebble-sdk/SDKs/4.9.127/toolchain/arm-none-eabi/bin/../lib/gcc/arm-none-eabi/14.2.1/../../../../arm-none-eabi/lib/thumb/v7-m/nofp/libc.a(libc_a-closer.o)
 .data          0x0000567c        0x0 /home/pebbler/.pebble-sdk/SDKs/4.9.127/toolchain/arm-none-eabi/bin/../lib/gcc/arm-none-eabi/14.2.1/../../../../arm-none-eabi/lib/thumb/v7-m/nofp/libc.a(libc_a-reent.o)
 .data          0x0000567c        0x0 /home/pebbler/.pebble-sdk/SDKs/4.9.127/toolchain/arm-none-eabi/bin/../lib/gcc/arm-none-eabi/14.2.1/../../../../arm-none-eabi/lib/thumb/v7-m/nofp/libc.a(libc_a-impure.o)
 .data          0x0000567c        0x0 /home/pebbler/.pebble-sdk/SDKs/4.9.127/toolchain/arm-none-eabi/bin/../lib/gcc/arm-none-eabi/14.2.1/../../../../arm-none-eabi/lib/thumb/v7-m/nofp/libc.a(libc_a-lseekr.o)
 .data          0x0000567c        0x0 /home/pebbler/.pebble-sdk/SDKs/4.9.127/toolchain/arm-none-eabi/bin/../lib/gcc/arm-none-eabi/14.2.1/../../../../arm-none-eabi/lib/thumb/v7-m/nofp/libc.a(libc_a-readr.o)
 .data          0x0000567c        0x0 /home/pebbler/.pebble-sdk/SDKs/4.9.127/toolchain/arm-none-eabi/bin/../lib/gcc/arm-none-eabi/14.2.1/../../../../arm-none-eabi/lib/thumb/v7-m/nofp/libc.a(libc_a-writer.o)
 .data          0x0000567c        0x0 /home/pebbler/.pebble-sdk/SDKs/4.9.127/toolchain/arm-none-eabi/bin/../lib/gcc/arm-none-eabi/14.2.1/../../../../arm-none-eabi/lib/thumb/v7-m/nofp/libc.a(libc_a-init.o)
 .data          0x0000567c        0x0 /home/pebbler/.pebble-sdk/SDKs/4.9.127/toolchain/arm-none-eabi/bin/../lib/gcc/arm-none-eabi/14.2.1/../../../../arm-none-eabi/lib/thumb/v7-m/nofp/libc.a(libc_a-fini.o)
 .data          0x0000567c        0x0 /home/pebbler/.pebble-sdk/SDKs/4.9.127/toolchain/arm-none-eabi/bin/../lib/gcc/arm-none-eabi/14.2.1/../../../../arm-none-eabi/lib/thumb/v7-m/nofp/libc.a(libc_a-lock.o)
 .data          0x0000567c        0x0 /home/pebbler/.pebble-sdk/SDKs/4.9.127/toolchain/arm-none-eabi/bin/../lib/gcc/arm-none-eabi/14.2.1/../../../../arm-none-eabi/lib/thumb/v7-m/nofp/libc.a(libc_a-__atexit.o)
 .data          0x0000567c        0x0 /home/pebbler/.pebble-sdk/SDKs/4.9.127/toolchain/arm-none-eabi/bin/../lib/gcc/arm-none-eabi/14.2.1/../../../../arm-none-eabi/lib/thumb/v7-m/nofp/libc.a(libc_a-__call_atexit.o)
 .data          0x0000567c        0x0 /home/pebbler/.pebble-sdk/SDKs/4.9.127/toolchain/arm-none-eabi/bin/../lib/gcc/arm-none-eabi/14.2.1/../../../../arm-none-eabi/lib/thumb/v7-m/nofp/libc.a(libc_a-freer.o)
 .data          0x0000567c        0x0 /home/pebbler/.pebble-sdk/SDKs/4.9.127/toolchain/arm-none-eabi/bin/../lib/gcc/arm-none-eabi/14.2.1/../../../../arm-none-eabi/lib/thumb/v7-m/nofp/libc.a(libc_a-mallocr.o)
 .data          0x0000567c        0x0 /home/pebbler/.pebble-sdk/SDKs/4.9.127/toolchain/arm-none-eabi/bin/../lib/gcc/arm-none-eabi/14.2.1/../../../../arm-none-eabi/lib/thumb/v7-m/nofp/libc.a(libc_a-mlock.o)
 .data          0x0000567c        0x0 /home/pebbler/.pebble-sdk/SDKs/4.9.127/toolchain/arm-none-eabi/bin/../lib/gcc/arm-none-eabi/14.2.1/../../../../arm-none-eabi/lib/thumb/v7-m/nofp/libc.a(libc_a-fclose.o)
 .data          0x0000567c        0x0 /home/pebbler/.pebble-sdk/SDKs/4.9.127/toolchain/arm-none-eabi/bin/../lib/gcc/arm-none-eabi/14.2.1/../../../../arm-none-eabi/lib/thumb/v7-m/nofp/libc.a(libc_a-fflush.o)
 .data          0x0000567c        0x0 /home/pebbler/.pebble-sdk/SDKs/4.9.127/toolchain/arm-none-eabi/bin/../lib/gcc/arm-none-eabi/14.2.1/../../../../arm-none-eabi/lib/thumb/v7-m/nofp/libc.a(libc_a-sbrkr.o)
 .data          0x0000567c        0x0 /home/pebbler/.pebble-sdk/SDKs/4.9.127/toolchain/arm-none-eabi/bin/../lib/gcc/arm-none-eabi/14.2.1/../../../../arm-none-eabi/lib/thumb/v7-m/nofp/libc.a(libc_a-sysconf.o)
 .data          0x0000567c        0x0 /home/pebbler/.pebble-sdk/SDKs/4.9.127/toolchain/arm-none-eabi/bin/../lib/gcc/arm-none-eabi/14.2.1/../../../../arm-none-eabi/lib/thumb/v7-m/nofp/libc.a(libc_a-errno.o)
 .data          0x0000567c        0x0 /home/pebbler/.pebble-sdk/SDKs/4.9.127/toolchain/arm-none-eabi/bin/../lib/gcc/arm-none-eabi/14.2.1/thumb/v7-m/nofp/crtend.o
 .data          0x0000567c        0x0 /home/pebbler/.pebble-sdk/SDKs/4.9.127/toolchain/arm-none-eabi/bin/../lib/gcc/arm-none-eabi/14.2.1/thumb/v7-m/nofp/crtn.o
 .data          0x0000567c        0x0 /home/pebbler/.pebble-sdk/SDKs/4.9.127/toolchain/arm-none-eabi/bin/../lib/gcc/arm-none-eabi/14.2.1/../../../../arm-none-eabi/lib/thumb/v7-m/nofp/libm.a(libm_a-sf_round.o)
 *(.data.*)
 .data.rel.local.anim_impl.0
                0x0000567c        0xc src/c/brutal_clock.c.41.o
 .data.rel.local.anim_impl.1
                0x00005688        0xc src/c/brutal_clock.c.41.o
 .data.MESSAGE_KEY_WeatherUVIndex
                0x00005694        0x4 src/message_keys.auto.c.41.o
                0x00005694                MESSAGE_KEY_WeatherUVIndex
 .data.MESSAGE_KEY_WeatherTemperature
                0x00005698        0x4 src/message_keys.auto.c.41.o
                0x00005698                MESSAGE_KEY_WeatherTemperature
 .data.MESSAGE_KEY_WeatherForecastLowTemp
                0x0000569c        0x4 src/message_keys.auto.c.41.o
                0x0000569c                MESSAGE_KEY_WeatherForecastLowTemp
 .data.MESSAGE_KEY_WeatherForecastHighTemp
                0x000056a0        0x4 src/message_keys.auto.c.41.o
                0x000056a0                MESSAGE_KEY_WeatherForecastHighTemp
 .data.MESSAGE_KEY_WeatherForecastCondition
                0x000056a4        0x4 src/message_keys.auto.c.41.o
                0x000056a4                MESSAGE_KEY_WeatherForecastCondition
 .data.MESSAGE_KEY_WeatherCondition
                0x000056a8        0x4 src/message_keys.auto.c.41.o
                0x000056a8                MESSAGE_KEY_WeatherCondition
 .data.MESSAGE_KEY_SettingWidget2ID
                0x000056ac        0x4 src/message_keys.auto.c.41.o
                0x000056ac                MESSAGE_KEY_SettingWidget2ID
 .data.MESSAGE_KEY_SettingWidget1ID
                0x000056b0        0x4 src/message_keys.auto.c.41.o
                0x000056b0                MESSAGE_KEY_SettingWidget1ID
 .data.MESSAGE_KEY_SettingWidget0ID
                0x000056b4        0x4 src/message_keys.auto.c.41.o
                0x000056b4                MESSAGE_KEY_SettingWidget0ID
 .data.MESSAGE_KEY_SettingUseMetric
                0x000056b8        0x4 src/message_keys.auto.c.41.o
                0x000056b8                MESSAGE_KEY_SettingUseMetric
 .data.MESSAGE_KEY_SettingUseLargeFonts
                0x000056bc        0x4 src/message_keys.auto.c.41.o
                0x000056bc                MESSAGE_KEY_SettingUseLargeFonts
 .data.MESSAGE_KEY_SettingSidebarTextColor
                0x000056c0        0x4 src/message_keys.auto.c.41.o
                0x000056c0                MESSAGE_KEY_SettingSidebarTextColor
 .data.MESSAGE_KEY_SettingSidebarOnLeft
                0x000056c4        0x4 src/message_keys.auto.c.41.o
                0x000056c4                MESSAGE_KEY_SettingSidebarOnLeft
 .data.MESSAGE_KEY_SettingShowLeadingZero
                0x000056c8        0x4 src/message_keys.auto.c.41.o
                0x000056c8                MESSAGE_KEY_SettingShowLeadingZero
 .data.MESSAGE_KEY_SettingShowBatteryPct
                0x000056cc        0x4 src/message_keys.auto.c.41.o
                0x000056cc                MESSAGE_KEY_SettingShowBatteryPct
 .data.MESSAGE_KEY_SettingLanguageID
                0x000056d0        0x4 src/message_keys.auto.c.41.o
                0x000056d0                MESSAGE_KEY_SettingLanguageID
 .data.MESSAGE_KEY_SettingHourlyVibe
                0x000056d4        0x4 src/message_keys.auto.c.41.o
                0x000056d4                MESSAGE_KEY_SettingHourlyVibe
 .data.MESSAGE_KEY_SettingHealthUseRestfulSleep
                0x000056d8        0x4 src/message_keys.auto.c.41.o
                0x000056d8                MESSAGE_KEY_SettingHealthUseRestfulSleep
 .data.MESSAGE_KEY_SettingHealthUseDistance
                0x000056dc        0x4 src/message_keys.auto.c.41.o
                0x000056dc                MESSAGE_KEY_SettingHealthUseDistance
 .data.MESSAGE_KEY_SettingDisconnectIcon
                0x000056e0        0x4 src/message_keys.auto.c.41.o
                0x000056e0                MESSAGE_KEY_SettingDisconnectIcon
 .data.MESSAGE_KEY_SettingDisableAutobattery
                0x000056e4        0x4 src/message_keys.auto.c.41.o
                0x000056e4                MESSAGE_KEY_SettingDisableAutobattery
 .data.MESSAGE_KEY_SettingDecimalSep
                0x000056e8        0x4 src/message_keys.auto.c.41.o
                0x000056e8                MESSAGE_KEY_SettingDecimalSep
 .data.MESSAGE_KEY_SettingColorTime
                0x000056ec        0x4 src/message_keys.auto.c.41.o
                0x000056ec                MESSAGE_KEY_SettingColorTime
 .data.MESSAGE_KEY_SettingColorSidebar
                0x000056f0        0x4 src/message_keys.auto.c.41.o
                0x000056f0                MESSAGE_KEY_SettingColorSidebar
 .data.MESSAGE_KEY_SettingColorBG
                0x000056f4        0x4 src/message_keys.auto.c.41.o
                0x000056f4                MESSAGE_KEY_SettingColorBG
 .data.MESSAGE_KEY_SettingClockFontId
                0x000056f8        0x4 src/message_keys.auto.c.41.o
                0x000056f8                MESSAGE_KEY_SettingClockFontId
 .data.MESSAGE_KEY_SettingBluetoothVibe
                0x000056fc        0x4 src/message_keys.auto.c.41.o
                0x000056fc                MESSAGE_KEY_SettingBluetoothVibe
 .data.MESSAGE_KEY_SettingAltClockOffset
                0x00005700        0x4 src/message_keys.auto.c.41.o
                0x00005700                MESSAGE_KEY_SettingAltClockOffset
 .data.MESSAGE_KEY_SettingAltClockName
                0x00005704        0x4 src/message_keys.auto.c.41.o
                0x00005704                MESSAGE_KEY_SettingAltClockName
 .data.MESSAGE_KEY_SHADOW
                0x00005708        0x4 src/message_keys.auto.c.41.o
                0x00005708                MESSAGE_KEY_SHADOW

.igot.plt       0x0000570c        0x0
 .igot.plt      0x0000570c        0x0 src/c/brutal_clock.c.41.o

.got            0x0000570c      0x118
 .got           0x0000570c      0x118 src/c/brutal_clock.c.41.o

.got.plt        0x00005824        0xc
 .got.plt       0x00005824        0xc src/c/brutal_clock.c.41.o
                0x00005824                _GLOBAL_OFFSET_TABLE_

.bss            0x00005830      0x174
 *(.bss)
 *(.bss.*)
 .bss.screen_bounds
                0x00005830        0x8 src/c/brutal_clock.c.41.o
 .bss.bounds    0x00005838       0x10 src/c/brutal_clock.c.41.o
 .bss.glyphs    0x00005848        0x4 src/c/brutal_clock.c.41.o
 .bss.minutes   0x0000584c        0x4 src/c/brutal_clock.c.41.o
 .bss.hours     0x00005850        0x4 src/c/brutal_clock.c.41.o
 .bss.s_scale_anim_data
                0x00005854       0x18 src/c/brutal_clock.c.41.o
 .bss.s_hours_scale_anim
                0x0000586c        0x4 src/c/brutal_clock.c.41.o
 .bss.s_prev_unobstructed_height
                0x00005870        0x2 src/c/brutal_clock.c.41.o
 .bss.s_unobstructed_offset
                0x00005872        0x2 src/c/brutal_clock.c.41.o
 .bss.s_bigw    0x00005874        0x4 src/c/brutal_clock.c.41.o
 .bss.s_bigh    0x00005878        0x4 src/c/brutal_clock.c.41.o
 .bss.s_hours_scale_y
                0x0000587c        0x4 src/c/brutal_clock.c.41.o
 .bss.s_hours_scale_x
                0x00005880        0x4 src/c/brutal_clock.c.41.o
 .bss.opacity   0x00005884        0x1 src/c/brutal_clock.c.41.o
 .bss.config_fg
                0x00005885        0x1 src/c/brutal_clock.c.41.o
 .bss.config_bg
                0x00005886        0x1 src/c/brutal_clock.c.41.o
 *fill*         0x00005887        0x1 
 .bss.main_window
                0x00005888        0x4 src/c/main.c.41.o
 .bss.SidebarWidgets_useCompactMode
                0x0000588c        0x1 src/c/sidebar_widgets.c.41.o
                0x0000588c                SidebarWidgets_useCompactMode
 *fill*         0x0000588d        0x3 
 COMMON         0x00005890        0x4 src/c/messaging.c.41.o
                0x00005890                message_processed_callback
 COMMON         0x00005894       0x2b src/c/settings.c.41.o
                0x00005894                settings
                0x000058b8                dynamicSettings
 *fill*         0x000058bf        0x1 
 COMMON         0x000058c0        0xc src/c/sidebar.c.41.o
                0x000058c0                screen_rect
                0x000058c8                sidebarLayer
 COMMON         0x000058cc       0xb4 src/c/sidebar_widgets.c.41.o
                0x000058cc                smSidebarFont
                0x000058d0                batteryChargeImage
                0x000058d4                currentSecondsNum
                0x000058d9                currentWeekNum
                0x000058e0                uvIndexWidget
                0x000058e8                currentDayNum
                0x000058f0                SidebarWidgets_xOffset
                0x000058f4                beatsWidget
                0x000058fc                currentSidebarFont
                0x00005900                batteryMeterWidget
                0x00005908                mdSidebarFont
                0x0000590c                lgSidebarFont
                0x00005910                dateImage
                0x00005914                batteryImage
                0x00005918                altTimeWidget
                0x00005920                disconnectImage
                0x00005924                weatherForecastWidget
                0x0000592c                altClock
                0x00005934                weekNumberWidget
                0x0000593c                currentWeatherWidget
                0x00005944                btDisconnectWidget
                0x0000594c                currentBeats
                0x00005954                secondsWidget
                0x0000595c                emptyWidget
                0x00005964                currentDayName
                0x0000596c                currentMonth
                0x00005974                dateWidget
                0x0000597c                batteryFont
 COMMON         0x00005980       0x24 src/c/weather.c.41.o
                0x00005980                Weather_forecastWeatherIcon
                0x00005984                Weather_currentWeatherIcon
                0x00005988                Weather_weatherInfo

DISCARD         0x00000000       0x66
 libc.a(*)
 libm.a(*)
 .comment       0x00000000       0x39 /home/pebbler/.pebble-sdk/SDKs/4.9.127/toolchain/arm-none-eabi/bin/../lib/gcc/arm-none-eabi/14.2.1/../../../../arm-none-eabi/lib/thumb/v7-m/nofp/libm.a(libm_a-sf_round.o)
                                 0x3a (size before relaxing)
 .ARM.attributes
                0x00000039       0x2d /home/pebbler/.pebble-sdk/SDKs/4.9.127/toolchain/arm-none-eabi/bin/../lib/gcc/arm-none-eabi/14.2.1/../../../../arm-none-eabi/lib/thumb/v7-m/nofp/libm.a(libm_a-sf_round.o)
 libgcc.a(*)
 *(.eh_frame)
OUTPUT(/mnt/c/users/iehar/pebble-devcontainer/pebble-devcontainer/app/BrutalTimeStyle/BrutalTimeStyle/build/aplite/pebble-app.elf elf32-littlearm)
LOAD linker stubs
LOAD /home/pebbler/.pebble-sdk/SDKs/4.9.127/toolchain/arm-none-eabi/bin/../lib/gcc/arm-none-eabi/14.2.1/../../../../arm-none-eabi/lib/thumb/v7-m/nofp/libc.a
LOAD /home/pebbler/.pebble-sdk/SDKs/4.9.127/toolchain/arm-none-eabi/bin/../lib/gcc/arm-none-eabi/14.2.1/../../../../arm-none-eabi/lib/thumb/v7-m/nofp/libm.a
LOAD /home/pebbler/.pebble-sdk/SDKs/4.9.127/toolchain/arm-none-eabi/bin/../lib/gcc/arm-none-eabi/14.2.1/thumb/v7-m/nofp/libgcc.a

.ARM.attributes
                0x00000000       0x29
 .ARM.attributes
                0x00000000       0x1d /home/pebbler/.pebble-sdk/SDKs/4.9.127/toolchain/arm-none-eabi/bin/../lib/gcc/arm-none-eabi/14.2.1/thumb/v7-m/nofp/crti.o
 .ARM.attributes
                0x0000001d       0x2d /home/pebbler/.pebble-sdk/SDKs/4.9.127/toolchain/arm-none-eabi/bin/../lib/gcc/arm-none-eabi/14.2.1/thumb/v7-m/nofp/crtbegin.o
 .ARM.attributes
                0x0000004a       0x1b /home/pebbler/.pebble-sdk/SDKs/4.9.127/toolchain/arm-none-eabi/bin/../lib/gcc/arm-none-eabi/14.2.1/../../../../arm-none-eabi/lib/thumb/v7-m/nofp/crt0.o
 .ARM.attributes
                0x00000065       0x2d src/c/brutal_clock.c.41.o
 .ARM.attributes
                0x00000092       0x2d src/c/languages.c.41.o
 .ARM.attributes
                0x000000bf       0x2d src/c/main.c.41.o
 .ARM.attributes
                0x000000ec       0x2d src/c/messaging.c.41.o
 .ARM.attributes
                0x00000119       0x2d src/c/settings.c.41.o
 .ARM.attributes
                0x00000146       0x2d src/c/sidebar.c.41.o
 .ARM.attributes
                0x00000173       0x2d src/c/sidebar_widgets.c.41.o
 .ARM.attributes
                0x000001a0       0x2d src/c/util.c.41.o
 .ARM.attributes
                0x000001cd       0x2d src/c/weather.c.41.o
 .ARM.attributes
                0x000001fa       0x2d aplite/appinfo.auto.c.41.o
 .ARM.attributes
                0x00000227       0x2d aplite/src/resource_ids.auto.c.41.o
 .ARM.attributes
                0x00000254       0x2d src/message_keys.auto.c.41.o
 .ARM.attributes
                0x00000281       0x21 /home/pebbler/.pebble-sdk/SDKs/current/sdk-core/pebble/aplite/lib/libpebble.a(tmp7jpKUopebble.o)
 .ARM.attributes
                0x000002a2       0x1d /home/pebbler/.pebble-sdk/SDKs/4.9.127/toolchain/arm-none-eabi/bin/../lib/gcc/arm-none-eabi/14.2.1/thumb/v7-m/nofp/libgcc.a(_arm_mulsf3.o)
 .ARM.attributes
                0x000002bf       0x1d /home/pebbler/.pebble-sdk/SDKs/4.9.127/toolchain/arm-none-eabi/bin/../lib/gcc/arm-none-eabi/14.2.1/thumb/v7-m/nofp/libgcc.a(_arm_addsubsf3.o)
 .ARM.attributes
                0x000002dc       0x1d /home/pebbler/.pebble-sdk/SDKs/4.9.127/toolchain/arm-none-eabi/bin/../lib/gcc/arm-none-eabi/14.2.1/thumb/v7-m/nofp/libgcc.a(_arm_muldivsf3.o)
 .ARM.attributes
                0x000002f9       0x1d /home/pebbler/.pebble-sdk/SDKs/4.9.127/toolchain/arm-none-eabi/bin/../lib/gcc/arm-none-eabi/14.2.1/thumb/v7-m/nofp/libgcc.a(_arm_fixsfsi.o)
 .ARM.attributes
                0x00000316       0x2d /home/pebbler/.pebble-sdk/SDKs/4.9.127/toolchain/arm-none-eabi/bin/../lib/gcc/arm-none-eabi/14.2.1/../../../../arm-none-eabi/lib/thumb/v7-m/nofp/libc.a(libc_a-atexit.o)
 .ARM.attributes
                0x00000343       0x2d /home/pebbler/.pebble-sdk/SDKs/4.9.127/toolchain/arm-none-eabi/bin/../lib/gcc/arm-none-eabi/14.2.1/../../../../arm-none-eabi/lib/thumb/v7-m/nofp/libc.a(libc_a-exit.o)
 .ARM.attributes
                0x00000370       0x2d /home/pebbler/.pebble-sdk/SDKs/4.9.127/toolchain/arm-none-eabi/bin/../lib/gcc/arm-none-eabi/14.2.1/../../../../arm-none-eabi/lib/thumb/v7-m/nofp/libc.a(libc_a-findfp.o)
 .ARM.attributes
                0x0000039d       0x2d /home/pebbler/.pebble-sdk/SDKs/4.9.127/toolchain/arm-none-eabi/bin/../lib/gcc/arm-none-eabi/14.2.1/../../../../arm-none-eabi/lib/thumb/v7-m/nofp/libc.a(libc_a-fwalk.o)
 .ARM.attributes
                0x000003ca       0x2d /home/pebbler/.pebble-sdk/SDKs/4.9.127/toolchain/arm-none-eabi/bin/../lib/gcc/arm-none-eabi/14.2.1/../../../../arm-none-eabi/lib/thumb/v7-m/nofp/libc.a(libc_a-stdio.o)
 .ARM.attributes
                0x000003f7       0x2d /home/pebbler/.pebble-sdk/SDKs/4.9.127/toolchain/arm-none-eabi/bin/../lib/gcc/arm-none-eabi/14.2.1/../../../../arm-none-eabi/lib/thumb/v7-m/nofp/libc.a(libc_a-closer.o)
 .ARM.attributes
                0x00000424       0x2d /home/pebbler/.pebble-sdk/SDKs/4.9.127/toolchain/arm-none-eabi/bin/../lib/gcc/arm-none-eabi/14.2.1/../../../../arm-none-eabi/lib/thumb/v7-m/nofp/libc.a(libc_a-reent.o)
 .ARM.attributes
                0x00000451       0x2d /home/pebbler/.pebble-sdk/SDKs/4.9.127/toolchain/arm-none-eabi/bin/../lib/gcc/arm-none-eabi/14.2.1/../../../../arm-none-eabi/lib/thumb/v7-m/nofp/libc.a(libc_a-impure.o)
 .ARM.attributes
                0x0000047e       0x2d /home/pebbler/.pebble-sdk/SDKs/4.9.127/toolchain/arm-none-eabi/bin/../lib/gcc/arm-none-eabi/14.2.1/../../../../arm-none-eabi/lib/thumb/v7-m/nofp/libc.a(libc_a-lseekr.o)
 .ARM.attributes
                0x000004ab       0x2d /home/pebbler/.pebble-sdk/SDKs/4.9.127/toolchain/arm-none-eabi/bin/../lib/gcc/arm-none-eabi/14.2.1/../../../../arm-none-eabi/lib/thumb/v7-m/nofp/libc.a(libc_a-readr.o)
 .ARM.attributes
                0x000004d8       0x2d /home/pebbler/.pebble-sdk/SDKs/4.9.127/toolchain/arm-none-eabi/bin/../lib/gcc/arm-none-eabi/14.2.1/../../../../arm-none-eabi/lib/thumb/v7-m/nofp/libc.a(libc_a-writer.o)
 .ARM.attributes
                0x00000505       0x2d /home/pebbler/.pebble-sdk/SDKs/4.9.127/toolchain/arm-none-eabi/bin/../lib/gcc/arm-none-eabi/14.2.1/../../../../arm-none-eabi/lib/thumb/v7-m/nofp/libc.a(libc_a-init.o)
 .ARM.attributes
                0x00000532       0x2d /home/pebbler/.pebble-sdk/SDKs/4.9.127/toolchain/arm-none-eabi/bin/../lib/gcc/arm-none-eabi/14.2.1/../../../../arm-none-eabi/lib/thumb/v7-m/nofp/libc.a(libc_a-fini.o)
 .ARM.attributes
                0x0000055f       0x2d /home/pebbler/.pebble-sdk/SDKs/4.9.127/toolchain/arm-none-eabi/bin/../lib/gcc/arm-none-eabi/14.2.1/../../../../arm-none-eabi/lib/thumb/v7-m/nofp/libc.a(libc_a-lock.o)
 .ARM.attributes
                0x0000058c       0x2d /home/pebbler/.pebble-sdk/SDKs/4.9.127/toolchain/arm-none-eabi/bin/../lib/gcc/arm-none-eabi/14.2.1/../../../../arm-none-eabi/lib/thumb/v7-m/nofp/libc.a(libc_a-__atexit.o)
 .ARM.attributes
                0x000005b9       0x2d /home/pebbler/.pebble-sdk/SDKs/4.9.127/toolchain/arm-none-eabi/bin/../lib/gcc/arm-none-eabi/14.2.1/../../../../arm-none-eabi/lib/thumb/v7-m/nofp/libc.a(libc_a-__call_atexit.o)
 .ARM.attributes
                0x000005e6       0x2d /home/pebbler/.pebble-sdk/SDKs/4.9.127/toolchain/arm-none-eabi/bin/../lib/gcc/arm-none-eabi/14.2.1/../../../../arm-none-eabi/lib/thumb/v7-m/nofp/libc.a(libc_a-freer.o)
 .ARM.attributes
                0x00000613       0x2d /home/pebbler/.pebble-sdk/SDKs/4.9.127/toolchain/arm-none-eabi/bin/../lib/gcc/arm-none-eabi/14.2.1/../../../../arm-none-eabi/lib/thumb/v7-m/nofp/libc.a(libc_a-mallocr.o)
 .ARM.attributes
                0x00000640       0x2d /home/pebbler/.pebble-sdk/SDKs/4.9.127/toolchain/arm-none-eabi/bin/../lib/gcc/arm-none-eabi/14.2.1/../../../../arm-none-eabi/lib/thumb/v7-m/nofp/libc.a(libc_a-mlock.o)
 .ARM.attributes
                0x0000066d       0x2d /home/pebbler/.pebble-sdk/SDKs/4.9.127/toolchain/arm-none-eabi/bin/../lib/gcc/arm-none-eabi/14.2.1/../../../../arm-none-eabi/lib/thumb/v7-m/nofp/libc.a(libc_a-fclose.o)
 .ARM.attributes
                0x0000069a       0x2d /home/pebbler/.pebble-sdk/SDKs/4.9.127/toolchain/arm-none-eabi/bin/../lib/gcc/arm-none-eabi/14.2.1/../../../../arm-none-eabi/lib/thumb/v7-m/nofp/libc.a(libc_a-fflush.o)
 .ARM.attributes
                0x000006c7       0x2d /home/pebbler/.pebble-sdk/SDKs/4.9.127/toolchain/arm-none-eabi/bin/../lib/gcc/arm-none-eabi/14.2.1/../../../../arm-none-eabi/lib/thumb/v7-m/nofp/libc.a(libc_a-sbrkr.o)
 .ARM.attributes
                0x000006f4       0x2d /home/pebbler/.pebble-sdk/SDKs/4.9.127/toolchain/arm-none-eabi/bin/../lib/gcc/arm-none-eabi/14.2.1/../../../../arm-none-eabi/lib/thumb/v7-m/nofp/libc.a(libc_a-sysconf.o)
 .ARM.attributes
                0x00000721       0x2d /home/pebbler/.pebble-sdk/SDKs/4.9.127/toolchain/arm-none-eabi/bin/../lib/gcc/arm-none-eabi/14.2.1/../../../../arm-none-eabi/lib/thumb/v7-m/nofp/libc.a(libc_a-errno.o)
 .ARM.attributes
                0x0000074e       0x2d /home/pebbler/.pebble-sdk/SDKs/4.9.127/toolchain/arm-none-eabi/bin/../lib/gcc/arm-none-eabi/14.2.1/thumb/v7-m/nofp/crtend.o
 .ARM.attributes
                0x0000077b       0x1d /home/pebbler/.pebble-sdk/SDKs/4.9.127/toolchain/arm-none-eabi/bin/../lib/gcc/arm-none-eabi/14.2.1/thumb/v7-m/nofp/crtn.o

.comment        0x00000000       0x39
 .comment       0x00000000       0x39 /home/pebbler/.pebble-sdk/SDKs/4.9.127/toolchain/arm-none-eabi/bin/../lib/gcc/arm-none-eabi/14.2.1/thumb/v7-m/nofp/crtbegin.o
                                 0x3a (size before relaxing)
 .comment       0x00000039       0x3a src/c/brutal_clock.c.41.o
 .comment       0x00000039       0x3a src/c/languages.c.41.o
 .comment       0x00000039       0x3a src/c/main.c.41.o
 .comment       0x00000039       0x3a src/c/messaging.c.41.o
 .comment       0x00000039       0x3a src/c/settings.c.41.o
 .comment       0x00000039       0x3a src/c/sidebar.c.41.o
 .comment       0x00000039       0x3a src/c/sidebar_widgets.c.41.o
 .comment       0x00000039       0x3a src/c/util.c.41.o
 .comment       0x00000039       0x3a src/c/weather.c.41.o
 .comment       0x00000039       0x3a aplite/appinfo.auto.c.41.o
 .comment       0x00000039       0x3a aplite/src/resource_ids.auto.c.41.o
 .comment       0x00000039       0x3a src/message_keys.auto.c.41.o
 .comment       0x00000039       0x3a /home/pebbler/.pebble-sdk/SDKs/4.9.127/toolchain/arm-none-eabi/bin/../lib/gcc/arm-none-eabi/14.2.1/../../../../arm-none-eabi/lib/thumb/v7-m/nofp/libc.a(libc_a-atexit.o)
 .comment       0x00000039       0x3a /home/pebbler/.pebble-sdk/SDKs/4.9.127/toolchain/arm-none-eabi/bin/../lib/gcc/arm-none-eabi/14.2.1/../../../../arm-none-eabi/lib/thumb/v7-m/nofp/libc.a(libc_a-exit.o)
 .comment       0x00000039       0x3a /home/pebbler/.pebble-sdk/SDKs/4.9.127/toolchain/arm-none-eabi/bin/../lib/gcc/arm-none-eabi/14.2.1/../../../../arm-none-eabi/lib/thumb/v7-m/nofp/libc.a(libc_a-findfp.o)
 .comment       0x00000039       0x3a /home/pebbler/.pebble-sdk/SDKs/4.9.127/toolchain/arm-none-eabi/bin/../lib/gcc/arm-none-eabi/14.2.1/../../../../arm-none-eabi/lib/thumb/v7-m/nofp/libc.a(libc_a-fwalk.o)
 .comment       0x00000039       0x3a /home/pebbler/.pebble-sdk/SDKs/4.9.127/toolchain/arm-none-eabi/bin/../lib/gcc/arm-none-eabi/14.2.1/../../../../arm-none-eabi/lib/thumb/v7-m/nofp/libc.a(libc_a-stdio.o)
 .comment       0x00000039       0x3a /home/pebbler/.pebble-sdk/SDKs/4.9.127/toolchain/arm-none-eabi/bin/../lib/gcc/arm-none-eabi/14.2.1/../../../../arm-none-eabi/lib/thumb/v7-m/nofp/libc.a(libc_a-closer.o)
 .comment       0x00000039       0x3a /home/pebbler/.pebble-sdk/SDKs/4.9.127/toolchain/arm-none-eabi/bin/../lib/gcc/arm-none-eabi/14.2.1/../../../../arm-none-eabi/lib/thumb/v7-m/nofp/libc.a(libc_a-reent.o)
 .comment       0x00000039       0x3a /home/pebbler/.pebble-sdk/SDKs/4.9.127/toolchain/arm-none-eabi/bin/../lib/gcc/arm-none-eabi/14.2.1/../../../../arm-none-eabi/lib/thumb/v7-m/nofp/libc.a(libc_a-impure.o)
 .comment       0x00000039       0x3a /home/pebbler/.pebble-sdk/SDKs/4.9.127/toolchain/arm-none-eabi/bin/../lib/gcc/arm-none-eabi/14.2.1/../../../../arm-none-eabi/lib/thumb/v7-m/nofp/libc.a(libc_a-lseekr.o)
 .comment       0x00000039       0x3a /home/pebbler/.pebble-sdk/SDKs/4.9.127/toolchain/arm-none-eabi/bin/../lib/gcc/arm-none-eabi/14.2.1/../../../../arm-none-eabi/lib/thumb/v7-m/nofp/libc.a(libc_a-readr.o)
 .comment       0x00000039       0x3a /home/pebbler/.pebble-sdk/SDKs/4.9.127/toolchain/arm-none-eabi/bin/../lib/gcc/arm-none-eabi/14.2.1/../../../../arm-none-eabi/lib/thumb/v7-m/nofp/libc.a(libc_a-writer.o)
 .comment       0x00000039       0x3a /home/pebbler/.pebble-sdk/SDKs/4.9.127/toolchain/arm-none-eabi/bin/../lib/gcc/arm-none-eabi/14.2.1/../../../../arm-none-eabi/lib/thumb/v7-m/nofp/libc.a(libc_a-init.o)
 .comment       0x00000039       0x3a /home/pebbler/.pebble-sdk/SDKs/4.9.127/toolchain/arm-none-eabi/bin/../lib/gcc/arm-none-eabi/14.2.1/../../../../arm-none-eabi/lib/thumb/v7-m/nofp/libc.a(libc_a-fini.o)
 .comment       0x00000039       0x3a /home/pebbler/.pebble-sdk/SDKs/4.9.127/toolchain/arm-none-eabi/bin/../lib/gcc/arm-none-eabi/14.2.1/../../../../arm-none-eabi/lib/thumb/v7-m/nofp/libc.a(libc_a-lock.o)
 .comment       0x00000039       0x3a /home/pebbler/.pebble-sdk/SDKs/4.9.127/toolchain/arm-none-eabi/bin/../lib/gcc/arm-none-eabi/14.2.1/../../../../arm-none-eabi/lib/thumb/v7-m/nofp/libc.a(libc_a-__atexit.o)
 .comment       0x00000039       0x3a /home/pebbler/.pebble-sdk/SDKs/4.9.127/toolchain/arm-none-eabi/bin/../lib/gcc/arm-none-eabi/14.2.1/../../../../arm-none-eabi/lib/thumb/v7-m/nofp/libc.a(libc_a-__call_atexit.o)
 .comment       0x00000039       0x3a /home/pebbler/.pebble-sdk/SDKs/4.9.127/toolchain/arm-none-eabi/bin/../lib/gcc/arm-none-eabi/14.2.1/../../../../arm-none-eabi/lib/thumb/v7-m/nofp/libc.a(libc_a-freer.o)
 .comment       0x00000039       0x3a /home/pebbler/.pebble-sdk/SDKs/4.9.127/toolchain/arm-none-eabi/bin/../lib/gcc/arm-none-eabi/14.2.1/../../../../arm-none-eabi/lib/thumb/v7-m/nofp/libc.a(libc_a-mallocr.o)
 .comment       0x00000039       0x3a /home/pebbler/.pebble-sdk/SDKs/4.9.127/toolchain/arm-none-eabi/bin/../lib/gcc/arm-none-eabi/14.2.1/../../../../arm-none-eabi/lib/thumb/v7-m/nofp/libc.a(libc_a-mlock.o)
 .comment       0x00000039       0x3a /home/pebbler/.pebble-sdk/SDKs/4.9.127/toolchain/arm-none-eabi/bin/../lib/gcc/arm-none-eabi/14.2.1/../../../../arm-none-eabi/lib/thumb/v7-m/nofp/libc.a(libc_a-fclose.o)
 .comment       0x00000039       0x3a /home/pebbler/.pebble-sdk/SDKs/4.9.127/toolchain/arm-none-eabi/bin/../lib/gcc/arm-none-eabi/14.2.1/../../../../arm-none-eabi/lib/thumb/v7-m/nofp/libc.a(libc_a-fflush.o)
 .comment       0x00000039       0x3a /home/pebbler/.pebble-sdk/SDKs/4.9.127/toolchain/arm-none-eabi/bin/../lib/gcc/arm-none-eabi/14.2.1/../../../../arm-none-eabi/lib/thumb/v7-m/nofp/libc.a(libc_a-sbrkr.o)
 .comment       0x00000039       0x3a /home/pebbler/.pebble-sdk/SDKs/4.9.127/toolchain/arm-none-eabi/bin/../lib/gcc/arm-none-eabi/14.2.1/../../../../arm-none-eabi/lib/thumb/v7-m/nofp/libc.a(libc_a-sysconf.o)
 .comment       0x00000039       0x3a /home/pebbler/.pebble-sdk/SDKs/4.9.127/toolchain/arm-none-eabi/bin/../lib/gcc/arm-none-eabi/14.2.1/../../../../arm-none-eabi/lib/thumb/v7-m/nofp/libc.a(libc_a-errno.o)
 .comment       0x00000039       0x3a /home/pebbler/.pebble-sdk/SDKs/4.9.127/toolchain/arm-none-eabi/bin/../lib/gcc/arm-none-eabi/14.2.1/thumb/v7-m/nofp/crtend.o

.debug_info     0x00000000     0x7776
 .debug_info    0x00000000     0x199d src/c/brutal_clock.c.41.o
 .debug_info    0x0000199d      0x117 src/c/languages.c.41.o
 .debug_info    0x00001ab4      0x9fe src/c/main.c.41.o
 .debug_info    0x000024b2     0x122d src/c/messaging.c.41.o
 .debug_info    0x000036df      0x83c src/c/settings.c.41.o
 .debug_info    0x00003f1b      0xcee src/c/sidebar.c.41.o
 .debug_info    0x00004c09     0x1a44 src/c/sidebar_widgets.c.41.o
 .debug_info    0x0000664d      0x466 src/c/util.c.41.o
 .debug_info    0x00006ab3      0x44d src/c/weather.c.41.o
 .debug_info    0x00006f00      0x2fc aplite/appinfo.auto.c.41.o
 .debug_info    0x000071fc      0x27d aplite/src/resource_ids.auto.c.41.o
 .debug_info    0x00007479      0x2fd src/message_keys.auto.c.41.o

.debug_abbrev   0x00000000     0x1c7b
 .debug_abbrev  0x00000000      0x504 src/c/brutal_clock.c.41.o
 .debug_abbrev  0x00000504       0x65 src/c/languages.c.41.o
 .debug_abbrev  0x00000569      0x359 src/c/main.c.41.o
 .debug_abbrev  0x000008c2      0x32a src/c/messaging.c.41.o
 .debug_abbrev  0x00000bec      0x261 src/c/settings.c.41.o
 .debug_abbrev  0x00000e4d      0x3f2 src/c/sidebar.c.41.o
 .debug_abbrev  0x0000123f      0x4e2 src/c/sidebar_widgets.c.41.o
 .debug_abbrev  0x00001721      0x1e9 src/c/util.c.41.o
 .debug_abbrev  0x0000190a      0x22d src/c/weather.c.41.o
 .debug_abbrev  0x00001b37       0xb0 aplite/appinfo.auto.c.41.o
 .debug_abbrev  0x00001be7       0x4a aplite/src/resource_ids.auto.c.41.o
 .debug_abbrev  0x00001c31       0x4a src/message_keys.auto.c.41.o

.debug_loclists
                0x00000000     0x1afd
 .debug_loclists
                0x00000000      0xb24 src/c/brutal_clock.c.41.o
 .debug_loclists
                0x00000b24       0xb4 src/c/main.c.41.o
 .debug_loclists
                0x00000bd8      0x485 src/c/messaging.c.41.o
 .debug_loclists
                0x0000105d       0x46 src/c/settings.c.41.o
 .debug_loclists
                0x000010a3      0x26d src/c/sidebar.c.41.o
 .debug_loclists
                0x00001310      0x5a6 src/c/sidebar_widgets.c.41.o
 .debug_loclists
                0x000018b6      0x201 src/c/util.c.41.o
 .debug_loclists
                0x00001ab7       0x46 src/c/weather.c.41.o

.debug_aranges  0x00000000      0x370
 .debug_aranges
                0x00000000       0x78 src/c/brutal_clock.c.41.o
 .debug_aranges
                0x00000078       0x18 src/c/languages.c.41.o
 .debug_aranges
                0x00000090       0x40 src/c/main.c.41.o
 .debug_aranges
                0x000000d0       0x48 src/c/messaging.c.41.o
 .debug_aranges
                0x00000118       0x40 src/c/settings.c.41.o
 .debug_aranges
                0x00000158       0x58 src/c/sidebar.c.41.o
 .debug_aranges
                0x000001b0       0xf8 src/c/sidebar_widgets.c.41.o
 .debug_aranges
                0x000002a8       0x30 src/c/util.c.41.o
 .debug_aranges
                0x000002d8       0x50 src/c/weather.c.41.o
 .debug_aranges
                0x00000328       0x18 aplite/appinfo.auto.c.41.o
 .debug_aranges
                0x00000340       0x18 aplite/src/resource_ids.auto.c.41.o
 .debug_aranges
                0x00000358       0x18 src/message_keys.auto.c.41.o

.debug_rnglists
                0x00000000      0x391
 .debug_rnglists
                0x00000000      0x115 src/c/brutal_clock.c.41.o
 .debug_rnglists
                0x00000115       0x38 src/c/main.c.41.o
 .debug_rnglists
                0x0000014d       0x32 src/c/messaging.c.41.o
 .debug_rnglists
                0x0000017f       0x4b src/c/settings.c.41.o
 .debug_rnglists
                0x000001ca       0x5f src/c/sidebar.c.41.o
 .debug_rnglists
                0x00000229      0x112 src/c/sidebar_widgets.c.41.o
 .debug_rnglists
                0x0000033b       0x1f src/c/util.c.41.o
 .debug_rnglists
                0x0000035a       0x37 src/c/weather.c.41.o

.debug_line     0x00000000     0x3aa3
 .debug_line    0x00000000      0xced src/c/brutal_clock.c.41.o
 .debug_line    0x00000ced       0x44 src/c/languages.c.41.o
 .debug_line    0x00000d31      0x359 src/c/main.c.41.o
 .debug_line    0x0000108a      0x7d0 src/c/messaging.c.41.o
 .debug_line    0x0000185a      0x565 src/c/settings.c.41.o
 .debug_line    0x00001dbf      0x58d src/c/sidebar.c.41.o
 .debug_line    0x0000234c      0xe8f src/c/sidebar_widgets.c.41.o
 .debug_line    0x000031db      0x201 src/c/util.c.41.o
 .debug_line    0x000033dc      0x336 src/c/weather.c.41.o
 .debug_line    0x00003712      0x16c aplite/appinfo.auto.c.41.o
 .debug_line    0x0000387e      0x116 aplite/src/resource_ids.auto.c.41.o
 .debug_line    0x00003994      0x10f src/message_keys.auto.c.41.o

.debug_str      0x00000000     0x2e38
 .debug_str     0x00000000     0x2e38 src/c/brutal_clock.c.41.o
                                0xeb0 (size before relaxing)
 .debug_str     0x00002e38      0x1bc src/c/languages.c.41.o
 .debug_str     0x00002e38      0x766 src/c/main.c.41.o
 .debug_str     0x00002e38     0x109b src/c/messaging.c.41.o
 .debug_str     0x00002e38      0x650 src/c/settings.c.41.o
 .debug_str     0x00002e38      0x9c7 src/c/sidebar.c.41.o
 .debug_str     0x00002e38      0xdf1 src/c/sidebar_widgets.c.41.o
 .debug_str     0x00002e38      0x38e src/c/util.c.41.o
 .debug_str     0x00002e38      0x49f src/c/weather.c.41.o
 .debug_str     0x00002e38      0x3f1 aplite/appinfo.auto.c.41.o
 .debug_str     0x00002e38      0x548 aplite/src/resource_ids.auto.c.41.o
 .debug_str     0x00002e38      0x63c src/message_keys.auto.c.41.o

.debug_frame    0x00000000      0x948
 .debug_frame   0x00000000      0x1d8 src/c/brutal_clock.c.41.o
 .debug_frame   0x000001d8       0xbc src/c/main.c.41.o
 .debug_frame   0x00000294       0xc0 src/c/messaging.c.41.o
 .debug_frame   0x00000354       0xa0 src/c/settings.c.41.o
 .debug_frame   0x000003f4      0x118 src/c/sidebar.c.41.o
 .debug_frame   0x0000050c      0x338 src/c/sidebar_widgets.c.41.o
 .debug_frame   0x00000844       0x5c src/c/util.c.41.o
 .debug_frame   0x000008a0       0xa8 src/c/weather.c.41.o
